// Jest Snapshot v1, https://goo.gl/fbAQLP

exports[`Evaluacion del componente gridGift componente 1`] = `
<Fragment>
  <p>
    cargando...
  </p>
  <h3>
    Dragon Ball
  </h3>
  <div
    className="contenedor-imagen"
  >
    <GridGiftItem
      imagen={
        Object {
          "id": 1,
          "title": "Imagen 1",
          "url": "/123/diasdi.jpg",
        }
      }
      key="1"
    />
    <GridGiftItem
      imagen={
        Object {
          "id": 2,
          "title": "Imagen 1",
          "url": "/123/diasdi.jpg",
        }
      }
      key="2"
    />
    <GridGiftItem
      imagen={
        Object {
          "id": 3,
          "title": "Imagen 1",
          "url": "/123/diasdi.jpg",
        }
      }
      key="3"
    />
    <GridGiftItem
      imagen={
        Object {
          "id": 4,
          "title": "Imagen 1",
          "url": "/123/diasdi.jpg",
        }
      }
      key="4"
    />
  </div>
</Fragment>
`;
